[33mΓ¥»[39m Building...
[32mΓ£ö[39m Building...
Application bundle generation failed. [4.554 seconds] - 2025-12-29T17:05:09.696Z

node.exe : [1m[33m[33mΓû▓ [43;33m[[43;30mWARNING[43;33m][0m 
[1mNG8107: The left side of this optional chain operation does not include 
'null' or 'undefined' in its type, therefore the '?.' operator can be 
replaced with the '.' operator.[0m [1m[35m[plugin angular-compiler][0m
At C:\Users\zayns\AppData\Roaming\npm\ng.ps1:24 char:5
+     & "node$exe"  "$basedir/node_modules/@angular/cli/bin/ng.js" $arg ...
+     ~~~~~~~~~~~~~~~~~~~~~~~~~~~~~~~~~~~~~~~~~~~~~~~~~~~~~~~~~~~~~~~~~
    + CategoryInfo          : NotSpecified: ([1m[33m[33mΓ...r-compiler] 
   [0m:String) [], RemoteException
    + FullyQualifiedErrorId : NativeCommandError
 

    src/app/features/manual-selection/result/portfolio-summary.component.ts:
14:23:
[37m      14 Γöé           {{ analysis?.[32mdiversificationScore[37m }}
         Γò╡                        [32m~~~~~~~~~~~~~~~~~~~~[0m


[33mΓû▓ [43;33m[[43;30mWARNING[43;33m][0m [1mNG8107: The left side of 
this optional chain operation does not include 'null' or 'undefined' in its 
type, therefore the '?.' operator can be replaced with the '.' 
operator.[0m [1m[35m[plugin angular-compiler][0m

    src/app/features/manual-selection/result/portfolio-summary.component.ts:
19:27:
[37m      19 Γöé ...        {{ (analysis?.[32mdiversificationScore[37m 
|| 0) >= 7 ? 'Excell...
         Γò╡                          [32m~~~~~~~~~~~~~~~~~~~~[0m


[33mΓû▓ [43;33m[[43;30mWARNING[43;33m][0m [1mNG8107: The left side of 
this optional chain operation does not include 'null' or 'undefined' in its 
type, therefore the '?.' operator can be replaced with the '.' 
operator.[0m [1m[35m[plugin angular-compiler][0m

    src/app/features/manual-selection/result/portfolio-summary.component.ts:
28:55:
[37m      28 Γöé ...-50 text-green-600': 
analysis?.[32msectorConcentration[37m === 'Balanced',
         Γò╡                                   [32m~~~~~~~~~~~~~~~~~~~[0m


[33mΓû▓ [43;33m[[43;30mWARNING[43;33m][0m [1mNG8107: The left side of 
this optional chain operation does not include 'null' or 'undefined' in its 
type, therefore the '?.' operator can be replaced with the '.' 
operator.[0m [1m[35m[plugin angular-compiler][0m

    src/app/features/manual-selection/result/portfolio-summary.component.ts:
29:57:
[37m      29 Γöé ...50 text-yellow-600': 
analysis?.[32msectorConcentration[37m === 'Moderate',
         Γò╡                                   [32m~~~~~~~~~~~~~~~~~~~[0m


[33mΓû▓ [43;33m[[43;30mWARNING[43;33m][0m [1mNG8107: The left side of 
this optional chain operation does not include 'null' or 'undefined' in its 
type, therefore the '?.' operator can be replaced with the '.' 
operator.[0m [1m[35m[plugin angular-compiler][0m

    src/app/features/manual-selection/result/portfolio-summary.component.ts:
30:51:
[37m      30 Γöé ...'bg-red-50 text-red-600': 
analysis?.[32msectorConcentration[37m === 'High'
         Γò╡                                        
[32m~~~~~~~~~~~~~~~~~~~[0m


[33mΓû▓ [43;33m[[43;30mWARNING[43;33m][0m [1mNG8107: The left side of 
this optional chain operation does not include 'null' or 'undefined' in its 
type, therefore the '?.' operator can be replaced with the '.' 
operator.[0m [1m[35m[plugin angular-compiler][0m

    src/app/features/manual-selection/result/portfolio-summary.component.ts:
38:60:
[37m      38 Γöé ...font-bold text-gray-900">{{ 
analysis?.[32msectorConcentration[37m }}</div>
         Γò╡                                          
[32m~~~~~~~~~~~~~~~~~~~[0m


[33mΓû▓ [43;33m[[43;30mWARNING[43;33m][0m [1mNG8107: The left side of 
this optional chain operation does not include 'null' or 'undefined' in its 
type, therefore the '?.' operator can be replaced with the '.' 
operator.[0m [1m[35m[plugin angular-compiler][0m

    src/app/features/manual-selection/result/portfolio-summary.component.ts:
46:55:
[37m      46 Γöé ...  'bg-green-50 text-green-600': 
analysis?.[32moverlapStatus[37m === 'Low',
         Γò╡                                              
[32m~~~~~~~~~~~~~[0m


[33mΓû▓ [43;33m[[43;30mWARNING[43;33m][0m [1mNG8107: The left side of 
this optional chain operation does not include 'null' or 'undefined' in its 
type, therefore the '?.' operator can be replaced with the '.' 
operator.[0m [1m[35m[plugin angular-compiler][0m

    src/app/features/manual-selection/result/portfolio-summary.component.ts:
47:57:
[37m      47 Γöé ...ellow-50 text-yellow-600': 
analysis?.[32moverlapStatus[37m === 'Moderate',
         Γò╡                                         [32m~~~~~~~~~~~~~[0m


[33mΓû▓ [43;33m[[43;30mWARNING[43;33m][0m [1mNG8107: The left side of 
this optional chain operation does not include 'null' or 'undefined' in its 
type, therefore the '?.' operator can be replaced with the '.' 
operator.[0m [1m[35m[plugin angular-compiler][0m

    src/app/features/manual-selection/result/portfolio-summary.component.ts:
48:51:
[37m      48 Γöé ...      'bg-red-50 text-red-600': 
analysis?.[32moverlapStatus[37m === 'High'
         Γò╡                                              
[32m~~~~~~~~~~~~~[0m


[33mΓû▓ [43;33m[[43;30mWARNING[43;33m][0m [1mNG8107: The left side of 
this optional chain operation does not include 'null' or 'undefined' in its 
type, therefore the '?.' operator can be replaced with the '.' 
operator.[0m [1m[35m[plugin angular-compiler][0m

    src/app/features/manual-selection/result/portfolio-summary.component.ts:
56:60:
[37m      56 Γöé ...lass="font-bold text-gray-900">{{ 
analysis?.[32moverlapStatus[37m }}</div>
         Γò╡                                                
[32m~~~~~~~~~~~~~[0m

[39m[22m
[1m[31m[31mX [41;31m[[41;97mERROR[41;31m][0m [1mTS2367: This 
comparison appears to be unintentional because the types '"High" | 
"Balanced" | "Low" | undefined' and '"Moderate"' have no overlap.[0m 
[1m[35m[plugin angular-compiler][0m

    src/app/features/manual-selection/result/portfolio-summary.component.ts:
29:47:
[37m      29 Γöé ...50 text-yellow-600': 
[32manalysis?.sectorConcentration === 'Moderate'[37m,
         Γò╡                         
[32m~~~~~~~~~~~~~~~~~~~~~~~~~~~~~~~~~~~~~~~~~~~~[0m

[39m[22m
